[1m============================= test session starts ==============================[0m
platform darwin -- Python 3.14.3, pytest-9.0.2, pluggy-1.6.0 -- /opt/homebrew/opt/python@3.14/bin/python3.14
cachedir: .pytest_cache
rootdir: /Users/kmesiab/go/github.com/kmesiab/qwenvert-hotfix-model-selection-8gb
configfile: pytest.ini (WARNING: ignoring pytest config in pyproject.toml!)
plugins: anyio-4.12.1, asyncio-1.3.0, cov-7.0.0
asyncio: mode=Mode.STRICT, debug=False, asyncio_default_fixture_loop_scope=None, asyncio_default_test_loop_scope=function
[1mcollecting ... [0mcollected 567 items / 22 deselected / 545 selected

tests/integration/test_backend_router.py::TestOllamaBackendRouter::test_anthropic_to_ollama_transformation [32mPASSED[0m[32m [  0%][0m
tests/integration/test_backend_router.py::TestOllamaBackendRouter::test_ollama_system_message_handling [32mPASSED[0m[32m [  0%][0m
tests/integration/test_backend_router.py::TestOllamaBackendRouter::test_ollama_token_counting [32mPASSED[0m[32m [  0%][0m
tests/integration/test_backend_router.py::TestLlamaCppBackendRouter::test_anthropic_to_llamacpp_transformation [32mPASSED[0m[32m [  0%][0m
tests/integration/test_backend_router.py::TestLlamaCppBackendRouter::test_llamacpp_prompt_templating [32mPASSED[0m[32m [  0%][0m
tests/integration/test_backend_router.py::TestStreamingBackend::test_ollama_streaming_transformation [32mPASSED[0m[32m [  1%][0m
tests/integration/test_backend_router.py::TestErrorHandling::test_backend_http_error [32mPASSED[0m[32m [  1%][0m
tests/integration/test_backend_router.py::TestErrorHandling::test_backend_timeout [32mPASSED[0m[32m [  1%][0m
tests/integration/test_backend_router.py::TestErrorHandling::test_malformed_backend_response [33mSKIPPED[0m[32m [  1%][0m
tests/integration/test_messages_api.py::TestMessagesEndpoint::test_simple_message_request [32mPASSED[0m[32m [  1%][0m
tests/integration/test_messages_api.py::TestMessagesEndpoint::test_message_with_system_prompt [32mPASSED[0m[32m [  2%][0m
tests/integration/test_messages_api.py::TestMessagesEndpoint::test_streaming_message_request [32mPASSED[0m[32m [  2%][0m
tests/integration/test_messages_api.py::TestMessagesEndpoint::test_multimodal_message [32mPASSED[0m[32m [  2%][0m
tests/integration/test_messages_api.py::TestMessagesEndpoint::test_missing_api_key [32mPASSED[0m[32m [  2%][0m
tests/integration/test_messages_api.py::TestMessagesEndpoint::test_invalid_model [33mSKIPPED[0m[32m [  2%][0m
tests/integration/test_messages_api.py::TestMessagesEndpoint::test_temperature_parameter [32mPASSED[0m[32m [  2%][0m
tests/integration/test_messages_api.py::TestHealthEndpoint::test_health_check [32mPASSED[0m[32m [  3%][0m
tests/integration/test_messages_api.py::TestErrorHandling::test_backend_connection_error [32mPASSED[0m[32m [  3%][0m
tests/integration/test_messages_api.py::TestErrorHandling::test_malformed_request [32mPASSED[0m[32m [  3%][0m
tests/integration/test_messages_api.py::TestErrorHandling::test_empty_messages_array [32mPASSED[0m[32m [  3%][0m
tests/integration/test_messages_api.py::TestAnthropicCompatibility::test_response_format_matches_anthropic [32mPASSED[0m[32m [  3%][0m
tests/integration/test_messages_api.py::TestAnthropicCompatibility::test_stop_reason_values [32mPASSED[0m[32m [  4%][0m
tests/integration/test_server_lifecycle.py::TestServerLauncher::test_ollama_backend_launch [32mPASSED[0m[32m [  4%][0m
tests/integration/test_server_lifecycle.py::TestServerLauncher::test_llamacpp_backend_launch [32mPASSED[0m[32m [  4%][0m
tests/integration/test_server_lifecycle.py::TestServerLauncher::test_backend_health_check_retry [32mPASSED[0m[32m [  4%][0m
tests/integration/test_server_lifecycle.py::TestServerLauncher::test_backend_health_check_timeout [32mPASSED[0m[32m [  4%][0m
tests/integration/test_server_lifecycle.py::TestServerLauncher::test_graceful_shutdown [32mPASSED[0m[32m [  4%][0m
tests/integration/test_server_lifecycle.py::TestAdapterLauncher::test_adapter_start [33mSKIPPED[0m[32m [  5%][0m
tests/integration/test_server_lifecycle.py::TestHealthChecks::test_backend_health_check_success [32mPASSED[0m[32m [  5%][0m
tests/integration/test_server_lifecycle.py::TestHealthChecks::test_backend_health_check_failure [32mPASSED[0m[32m [  5%][0m
tests/integration/test_server_lifecycle.py::TestHealthChecks::test_backend_health_check_http_error [32mPASSED[0m[32m [  5%][0m
tests/integration/test_server_lifecycle.py::TestProcessManagement::test_process_is_running [32mPASSED[0m[32m [  5%][0m
tests/integration/test_server_lifecycle.py::TestProcessManagement::test_process_has_exited [32mPASSED[0m[32m [  6%][0m
tests/integration/test_server_lifecycle.py::TestProcessManagement::test_force_kill_on_timeout [33mSKIPPED[0m[32m [  6%][0m
tests/security/test_launcher_security.py::TestLauncherAdapterHostValidation::test_launcher_accepts_localhost_adapter_host [32mPASSED[0m[32m [  6%][0m
tests/security/test_launcher_security.py::TestLauncherAdapterHostValidation::test_launcher_rejects_0_0_0_0_adapter_host [32mPASSED[0m[32m [  6%][0m
tests/security/test_launcher_security.py::TestLauncherAdapterHostValidation::test_launcher_rejects_non_localhost_adapter_host [32mPASSED[0m[32m [  6%][0m
tests/security/test_launcher_security.py::TestLauncherAdapterHostValidation::test_launcher_rejects_lan_ip_adapter_host [32mPASSED[0m[32m [  6%][0m
tests/security/test_launcher_security.py::TestLauncherBackendUrlValidation::test_launcher_validates_backend_url [32mPASSED[0m[32m [  7%][0m
tests/security/test_launcher_security.py::TestLauncherHealthCheckValidation::test_check_health_accepts_localhost [32mPASSED[0m[32m [  7%][0m
tests/security/test_launcher_security.py::TestLauncherHealthCheckValidation::test_check_health_rejects_external_url [32mPASSED[0m[32m [  7%][0m
tests/security/test_launcher_security.py::TestLauncherHealthCheckValidation::test_check_health_rejects_0_0_0_0 [32mPASSED[0m[32m [  7%][0m
tests/security/test_launcher_security.py::TestConfigFileTamperingDetection::test_config_file_tampering_detected [32mPASSED[0m[32m [  7%][0m
tests/security/test_launcher_security.py::TestConfigFileTamperingDetection::test_launcher_fails_fast_on_invalid_config [32mPASSED[0m[32m [  8%][0m
tests/security/test_network_isolation.py::TestNetworkIsolation::test_adapter_only_binds_localhost [32mPASSED[0m[32m [  8%][0m
tests/security/test_network_isolation.py::TestNetworkIsolation::test_config_generator_only_creates_localhost_urls [32mPASSED[0m[32m [  8%][0m
tests/security/test_network_isolation.py::TestNetworkIsolation::test_environment_variables_safe [32mPASSED[0m[32m [  8%][0m
tests/security/test_network_isolation.py::TestConfigValidation::test_config_validate_accepts_localhost_config [32mPASSED[0m[32m [  8%][0m
tests/security/test_network_isolation.py::TestConfigValidation::test_config_validate_rejects_external_backend_url [32mPASSED[0m[32m [  8%][0m
tests/security/test_network_isolation.py::TestConfigValidation::test_config_validate_rejects_0_0_0_0_adapter_host [32mPASSED[0m[32m [  9%][0m
tests/security/test_network_isolation.py::TestConfigValidation::test_config_load_validates_tampered_file [32mPASSED[0m[32m [  9%][0m
tests/security/test_network_isolation.py::TestConfigValidation::test_config_load_validates_0_0_0_0_binding [32mPASSED[0m[32m [  9%][0m
tests/security/test_router_security.py::TestRouterSecurityValidation::test_router_accepts_localhost_backend_url [32mPASSED[0m[32m [  9%][0m
tests/security/test_router_security.py::TestRouterSecurityValidation::test_router_accepts_127_0_0_1_backend_url [32mPASSED[0m[32m [  9%][0m
tests/security/test_router_security.py::TestRouterSecurityValidation::test_router_accepts_ipv6_localhost [32mPASSED[0m[32m [ 10%][0m
tests/security/test_router_security.py::TestRouterSecurityValidation::test_router_rejects_non_localhost_backend_url [32mPASSED[0m[32m [ 10%][0m
tests/security/test_router_security.py::TestRouterSecurityValidation::test_router_blocks_external_domain [32mPASSED[0m[32m [ 10%][0m
tests/security/test_router_security.py::TestRouterSecurityValidation::test_router_blocks_0_0_0_0 [32mPASSED[0m[32m [ 10%][0m
tests/security/test_router_security.py::TestRouterSecurityValidation::test_router_blocks_lan_ip_addresses [32mPASSED[0m[32m [ 10%][0m
tests/security/test_router_security.py::TestRouterSecurityValidation::test_router_validates_url_at_init [32mPASSED[0m[32m [ 11%][0m
tests/security/test_router_security.py::TestRouterSecurityValidation::test_router_strips_trailing_slash [32mPASSED[0m[32m [ 11%][0m
tests/security/test_router_security.py::TestRouterSecurityValidation::test_router_error_message_helpful [32mPASSED[0m[32m [ 11%][0m
tests/security/test_security_validation.py::TestIsLocalhostUrl::test_accepts_localhost_http [32mPASSED[0m[32m [ 11%][0m
tests/security/test_security_validation.py::TestIsLocalhostUrl::test_accepts_localhost_https [32mPASSED[0m[32m [ 11%][0m
tests/security/test_security_validation.py::TestIsLocalhostUrl::test_accepts_127_0_0_1 [32mPASSED[0m[32m [ 11%][0m
tests/security/test_security_validation.py::TestIsLocalhostUrl::test_accepts_ipv6_localhost [32mPASSED[0m[32m [ 12%][0m
tests/security/test_security_validation.py::TestIsLocalhostUrl::test_rejects_external_domain [32mPASSED[0m[32m [ 12%][0m
tests/security/test_security_validation.py::TestIsLocalhostUrl::test_rejects_0_0_0_0 [32mPASSED[0m[32m [ 12%][0m
tests/security/test_security_validation.py::TestIsLocalhostUrl::test_rejects_lan_ips [32mPASSED[0m[32m [ 12%][0m
tests/security/test_security_validation.py::TestIsLocalhostUrl::test_rejects_empty_string [32mPASSED[0m[32m [ 12%][0m
tests/security/test_security_validation.py::TestIsLocalhostUrl::test_case_insensitive [32mPASSED[0m[32m [ 13%][0m
tests/security/test_security_validation.py::TestIsLocalhostUrl::test_rejects_localhost_subdomain [32mPASSED[0m[32m [ 13%][0m
tests/security/test_security_validation.py::TestIsLocalhostUrl::test_rejects_localhost_in_query_string [32mPASSED[0m[32m [ 13%][0m
tests/security/test_security_validation.py::TestIsForbiddenHost::test_detects_0_0_0_0 [32mPASSED[0m[32m [ 13%][0m
tests/security/test_security_validation.py::TestIsForbiddenHost::test_detects_lan_ips [32mPASSED[0m[32m [ 13%][0m
tests/security/test_security_validation.py::TestIsForbiddenHost::test_allows_localhost [32mPASSED[0m[32m [ 13%][0m
tests/security/test_security_validation.py::TestIsForbiddenHost::test_empty_string [32mPASSED[0m[32m [ 14%][0m
tests/security/test_security_validation.py::TestValidateLocalhostUrl::test_accepts_valid_localhost_urls [32mPASSED[0m[32m [ 14%][0m
tests/security/test_security_validation.py::TestValidateLocalhostUrl::test_rejects_external_domain [32mPASSED[0m[32m [ 14%][0m
tests/security/test_security_validation.py::TestValidateLocalhostUrl::test_rejects_0_0_0_0 [32mPASSED[0m[32m [ 14%][0m
tests/security/test_security_validation.py::TestValidateLocalhostUrl::test_rejects_lan_ip [32mPASSED[0m[32m [ 14%][0m
tests/security/test_security_validation.py::TestValidateLocalhostUrl::test_rejects_empty_url [32mPASSED[0m[32m [ 15%][0m
tests/security/test_security_validation.py::TestValidateLocalhostUrl::test_error_message_helpful [32mPASSED[0m[32m [ 15%][0m
tests/security/test_security_validation.py::TestValidateAdapterHost::test_accepts_valid_hosts [32mPASSED[0m[32m [ 15%][0m
tests/security/test_security_validation.py::TestValidateAdapterHost::test_accepts_localhost_case_insensitive [32mPASSED[0m[32m [ 15%][0m
tests/security/test_security_validation.py::TestValidateAdapterHost::test_rejects_0_0_0_0 [32mPASSED[0m[32m [ 15%][0m
tests/security/test_security_validation.py::TestValidateAdapterHost::test_rejects_lan_ips [32mPASSED[0m[32m [ 15%][0m
tests/security/test_security_validation.py::TestValidateAdapterHost::test_rejects_external_domain [32mPASSED[0m[32m [ 16%][0m
tests/security/test_security_validation.py::TestValidateAdapterHost::test_rejects_empty_host [32mPASSED[0m[32m [ 16%][0m
tests/security/test_security_validation.py::TestValidateAdapterHost::test_error_message_explains_risk [32mPASSED[0m[32m [ 16%][0m
tests/security/test_security_validation.py::TestValidateAdapterHost::test_error_message_shows_valid_hosts [32mPASSED[0m[32m [ 16%][0m
tests/security/test_telemetry_security.py::TestOTLPEndpointSecurity::test_localhost_endpoint_accepted [32mPASSED[0m[32m [ 16%][0m
tests/security/test_telemetry_security.py::TestOTLPEndpointSecurity::test_external_endpoint_rejected [32mPASSED[0m[32m [ 17%][0m
tests/security/test_telemetry_security.py::TestOTLPEndpointSecurity::test_init_telemetry_with_external_otlp_rejected [32mPASSED[0m[32m [ 17%][0m
tests/security/test_telemetry_security.py::TestOTLPEndpointSecurity::test_init_telemetry_with_localhost_otlp_accepted [32mPASSED[0m[32m [ 17%][0m
tests/security/test_telemetry_security.py::TestMetricDataSecurity::test_metrics_do_not_capture_prompt_content [32mPASSED[0m[32m [ 17%][0m
tests/security/test_telemetry_security.py::TestMetricDataSecurity::test_metrics_collector_only_captures_metadata [32mPASSED[0m[32m [ 17%][0m
tests/security/test_telemetry_security.py::TestTelemetryDefaultSecurity::test_otlp_disabled_by_default [32mPASSED[0m[32m [ 17%][0m
tests/security/test_telemetry_security.py::TestTelemetryDefaultSecurity::test_prometheus_disabled_by_default [32mPASSED[0m[32m [ 18%][0m
tests/security/test_telemetry_security.py::TestTelemetryDefaultSecurity::test_console_exporter_disabled_by_default [32mPASSED[0m[32m [ 18%][0m
tests/security/test_telemetry_security.py::TestPrometheusExporterSecurity::test_prometheus_reader_does_not_bind_network_port [32mPASSED[0m[32m [ 18%][0m
tests/security/test_telemetry_security.py::TestTelemetryLifecycle::test_shutdown_telemetry_clean [32mPASSED[0m[32m [ 18%][0m
tests/security/test_telemetry_security.py::TestTelemetryLifecycle::test_shutdown_telemetry_before_init [32mPASSED[0m[32m [ 18%][0m
tests/security/test_telemetry_security.py::TestTelemetryLifecycle::test_double_shutdown_is_idempotent [32mPASSED[0m[32m [ 19%][0m
tests/security/test_telemetry_security.py::TestNoOpProviderFallback::test_get_meter_before_init_returns_noop [32mPASSED[0m[32m [ 19%][0m
tests/security/test_telemetry_security.py::TestNoOpProviderFallback::test_get_tracer_before_init_returns_noop [32mPASSED[0m[32m [ 19%][0m
tests/security/test_telemetry_security.py::TestNoOpProviderFallback::test_get_meter_after_shutdown_returns_noop [32mPASSED[0m[32m [ 19%][0m
tests/security/test_telemetry_security.py::TestEnvironmentVariableInitialization::test_init_from_env_with_defaults [32mPASSED[0m[32m [ 19%][0m
tests/security/test_telemetry_security.py::TestEnvironmentVariableInitialization::test_init_from_env_with_otlp_endpoint [32mPASSED[0m[32m [ 20%][0m
tests/security/test_telemetry_security.py::TestEnvironmentVariableInitialization::test_init_from_env_with_invalid_port [32mPASSED[0m[32m [ 20%][0m
tests/security/test_telemetry_security.py::TestEnvironmentVariableInitialization::test_init_from_env_with_console_enabled [32mPASSED[0m[32m [ 20%][0m
tests/security/test_telemetry_security.py::TestEnvironmentVariableInitialization::test_init_from_env_with_custom_service_name [32mPASSED[0m[32m [ 20%][0m
tests/security/test_telemetry_security.py::TestEnvironmentVariableSecurity::test_otlp_endpoint_env_var_validated [32mPASSED[0m[32m [ 20%][0m
tests/security/test_telemetry_security.py::TestEnvironmentVariableSecurity::test_localhost_env_var_accepted [32mPASSED[0m[32m [ 20%][0m
tests/security/test_telemetry_security.py::TestOTLPConnectionFailureHandling::test_init_succeeds_with_unreachable_otlp_endpoint [32mPASSED[0m[32m [ 21%][0m
tests/security/test_telemetry_security.py::TestOTLPConnectionFailureHandling::test_metrics_export_degrades_gracefully_on_connection_failure [32mPASSED[0m[32m [ 21%][0m
tests/security/test_telemetry_security.py::TestOTLPConnectionFailureHandling::test_traces_export_degrades_gracefully_on_connection_failure [32mPASSED[0m[32m [ 21%][0m
tests/security/test_telemetry_security.py::TestOTLPConnectionFailureHandling::test_shutdown_succeeds_even_with_failed_otlp_connection [32mPASSED[0m[32m [ 21%][0m
tests/security/test_telemetry_security.py::TestOTLPConnectionFailureHandling::test_multiple_failed_exports_dont_accumulate_errors [32mPASSED[0m[32m [ 21%][0m
tests/security/test_telemetry_security.py::TestObservableCallbackErrorHandling::test_cpu_utilization_callback_handles_division_by_zero [32mPASSED[0m[32m [ 22%][0m
tests/security/test_telemetry_security.py::TestObservableCallbackErrorHandling::test_memory_utilization_callback_handles_invalid_cached_value [32mPASSED[0m[32m [ 22%][0m
tests/security/test_telemetry_security.py::TestObservableCallbackErrorHandling::test_cpu_temperature_callback_handles_none_cached_value [32mPASSED[0m[32m [ 22%][0m
tests/security/test_telemetry_security.py::TestObservableCallbackErrorHandling::test_token_throughput_callback_handles_empty_history [32mPASSED[0m[32m [ 22%][0m
tests/security/test_telemetry_security.py::TestObservableCallbackErrorHandling::test_observable_callbacks_log_errors_without_crashing [32mPASSED[0m[32m [ 22%][0m
tests/security/test_telemetry_security.py::TestObservableCallbackErrorHandling::test_all_observable_callbacks_are_resilient [32mPASSED[0m[32m [ 22%][0m
tests/security/test_telemetry_security.py::TestObservableCallbackErrorHandling::test_observable_callback_returns_empty_on_attribute_error [32mPASSED[0m[32m [ 23%][0m
tests/test_hardware.py::TestHardwareProfile::test_hardware_profile_creation [32mPASSED[0m[32m [ 23%][0m
tests/test_hardware.py::TestHardwareProfile::test_str_representation [32mPASSED[0m[32m [ 23%][0m
tests/test_hardware.py::TestHardwareProfile::test_fanless_str_representation [32mPASSED[0m[32m [ 23%][0m
tests/test_hardware.py::TestHardwareProfile::test_is_memory_constrained [32mPASSED[0m[32m [ 23%][0m
tests/test_hardware.py::TestHardwareProfile::test_is_thermally_constrained [32mPASSED[0m[32m [ 24%][0m
tests/test_hardware.py::TestHardwareProfile::test_recommended_context_length [32mPASSED[0m[32m [ 24%][0m
tests/test_hardware.py::TestHardwareDetector::test_detect_chip_from_brand_string [32mPASSED[0m[32m [ 24%][0m
tests/test_hardware.py::TestHardwareDetector::test_detect_chip_fallback_to_model [32mPASSED[0m[32m [ 24%][0m
tests/test_hardware.py::TestHardwareDetector::test_extract_chip_family [32mPASSED[0m[32m [ 24%][0m
tests/test_hardware.py::TestHardwareDetector::test_detect_memory [32mPASSED[0m[32m  [ 24%][0m
tests/test_hardware.py::TestHardwareDetector::test_detect_memory_rounds_to_common_size [32mPASSED[0m[32m [ 25%][0m
tests/test_hardware.py::TestHardwareDetector::test_detect_cpu_cores [32mPASSED[0m[32m [ 25%][0m
tests/test_hardware.py::TestHardwareDetector::test_detect_cpu_cores_fallback [32mPASSED[0m[32m [ 25%][0m
tests/test_hardware.py::TestHardwareDetector::test_detect_gpu_cores_from_system_profiler [32mPASSED[0m[32m [ 25%][0m
tests/test_hardware.py::TestHardwareDetector::test_detect_gpu_cores_from_lookup [32mPASSED[0m[32m [ 25%][0m
tests/test_hardware.py::TestHardwareDetector::test_detect_model_identifier [32mPASSED[0m[32m [ 26%][0m
tests/test_hardware.py::TestHardwareDetector::test_infer_chip_from_model [32mPASSED[0m[32m [ 26%][0m
tests/test_hardware.py::TestHardwareDetector::test_fanless_models_list [32mPASSED[0m[32m [ 26%][0m
tests/test_hardware.py::TestHardwareDetector::test_gpu_cores_map [32mPASSED[0m[32m  [ 26%][0m
tests/test_hardware.py::TestDetectHardwareFunction::test_detect_hardware_calls_detector [32mPASSED[0m[32m [ 26%][0m
tests/test_monitoring.py::TestSystemMetricsCollection::test_collect_system_metrics_basic [32mPASSED[0m[32m [ 26%][0m
tests/test_monitoring.py::TestSystemMetricsCollection::test_collect_system_metrics_memory_calculations [32mPASSED[0m[32m [ 27%][0m
tests/test_monitoring.py::TestSystemMetricsCollection::test_collect_system_metrics_cpu_temp_optional [32mPASSED[0m[32m [ 27%][0m
tests/test_monitoring.py::TestSystemMetricsCollection::test_collect_system_metrics_process_discovery [32mPASSED[0m[32m [ 27%][0m
tests/test_monitoring.py::TestSystemMetricsCollection::test_collect_system_metrics_handles_psutil_errors [32mPASSED[0m[32m [ 27%][0m
tests/test_monitoring.py::TestSystemMetricsCollection::test_collect_system_metrics_handles_process_errors [32mPASSED[0m[32m [ 27%][0m
tests/test_monitoring.py::TestSystemMetricsCollection::test_collect_system_metrics_identifies_qwenvert_process [32mPASSED[0m[32m [ 28%][0m
tests/test_monitoring.py::TestSystemMetricsCollection::test_collect_system_metrics_identifies_ollama_process [32mPASSED[0m[32m [ 28%][0m
tests/test_monitoring.py::TestSystemMetricsCollection::test_collect_system_metrics_identifies_llama_cpp_process [32mPASSED[0m[32m [ 28%][0m
tests/test_monitoring.py::TestSystemMetricsCollection::test_collect_system_metrics_multiple_processes [32mPASSED[0m[32m [ 28%][0m
tests/test_monitoring.py::TestRequestMetrics::test_add_request_metric_basic [32mPASSED[0m[32m [ 28%][0m
tests/test_monitoring.py::TestRequestMetrics::test_add_request_metric_history_limit [32mPASSED[0m[32m [ 28%][0m
tests/test_monitoring.py::TestRequestMetrics::test_get_performance_stats_empty [32mPASSED[0m[32m [ 29%][0m
tests/test_monitoring.py::TestRequestMetrics::test_get_performance_stats_with_requests [32mPASSED[0m[32m [ 29%][0m
tests/test_monitoring.py::TestMetricsCollectorInitialization::test_init_with_defaults [32mPASSED[0m[32m [ 29%][0m
tests/test_monitoring.py::TestMetricsCollectorInitialization::test_init_with_custom_params [32mPASSED[0m[32m [ 29%][0m
tests/test_monitoring.py::TestMetricsCollectorInitialization::test_init_otel_metrics_disabled [32mPASSED[0m[32m [ 29%][0m
tests/unit/test_adapter_unit.py::TestMessageModel::test_message_with_string_content [32mPASSED[0m[32m [ 30%][0m
tests/unit/test_adapter_unit.py::TestMessageModel::test_message_with_list_content [32mPASSED[0m[32m [ 30%][0m
tests/unit/test_adapter_unit.py::TestMessageModel::test_message_role_validation [32mPASSED[0m[32m [ 30%][0m
tests/unit/test_adapter_unit.py::TestMessageModel::test_message_empty_content [32mPASSED[0m[32m [ 30%][0m
tests/unit/test_adapter_unit.py::TestMessageModel::test_message_empty_content_list [32mPASSED[0m[32m [ 30%][0m
tests/unit/test_adapter_unit.py::TestMessagesRequestModel::test_minimal_valid_request [32mPASSED[0m[32m [ 31%][0m
tests/unit/test_adapter_unit.py::TestMessagesRequestModel::test_request_with_all_parameters [32mPASSED[0m[32m [ 31%][0m
tests/unit/test_adapter_unit.py::TestMessagesRequestModel::test_request_empty_messages_validation [32mPASSED[0m[32m [ 31%][0m
tests/unit/test_adapter_unit.py::TestMessagesRequestModel::test_request_first_message_must_be_user [32mPASSED[0m[32m [ 31%][0m
tests/unit/test_adapter_unit.py::TestMessagesRequestModel::test_request_max_tokens_validation [32mPASSED[0m[32m [ 31%][0m
tests/unit/test_adapter_unit.py::TestMessagesRequestModel::test_request_temperature_validation [32mPASSED[0m[32m [ 31%][0m
tests/unit/test_adapter_unit.py::TestMessagesRequestModel::test_request_top_p_validation [32mPASSED[0m[32m [ 32%][0m
tests/unit/test_adapter_unit.py::TestMessagesRequestModel::test_request_top_k_validation [32mPASSED[0m[32m [ 32%][0m
tests/unit/test_adapter_unit.py::TestMessagesRequestModel::test_request_stop_sequences_validation [32mPASSED[0m[32m [ 32%][0m
tests/unit/test_adapter_unit.py::TestResponseModels::test_content_block_creation [32mPASSED[0m[32m [ 32%][0m
tests/unit/test_adapter_unit.py::TestResponseModels::test_usage_creation [32mPASSED[0m[32m [ 32%][0m
tests/unit/test_adapter_unit.py::TestResponseModels::test_messages_response_creation [32mPASSED[0m[32m [ 33%][0m
tests/unit/test_adapter_unit.py::TestResponseModels::test_messages_response_with_stop_reason [32mPASSED[0m[32m [ 33%][0m
tests/unit/test_adapter_unit.py::TestResponseModels::test_message_stream_event_creation [32mPASSED[0m[32m [ 33%][0m
tests/unit/test_adapter_unit.py::TestResponseModels::test_error_response_creation [32mPASSED[0m[32m [ 33%][0m
tests/unit/test_adapter_unit.py::TestHealthEndpoint::test_health_check_without_backend [32mPASSED[0m[32m [ 33%][0m
tests/unit/test_adapter_unit.py::TestHealthEndpoint::test_health_check_with_backend [32mPASSED[0m[32m [ 33%][0m
tests/unit/test_adapter_unit.py::TestCreateMessageEndpoint::test_create_message_without_backend_router [32mPASSED[0m[32m [ 34%][0m
tests/unit/test_adapter_unit.py::TestCreateMessageEndpoint::test_create_message_validation_error [32mPASSED[0m[32m [ 34%][0m
tests/unit/test_adapter_unit.py::TestCreateMessageEndpoint::test_create_message_non_streaming_success [32mPASSED[0m[32m [ 34%][0m
tests/unit/test_adapter_unit.py::TestCreateMessageEndpoint::test_create_message_includes_request_id_headers [32mPASSED[0m[32m [ 34%][0m
tests/unit/test_adapter_unit.py::TestCreateMessageEndpoint::test_create_message_streaming_includes_request_id_headers [32mPASSED[0m[32m [ 34%][0m
tests/unit/test_adapter_unit.py::TestCreateMessageEndpoint::test_create_message_unique_request_ids [32mPASSED[0m[32m [ 35%][0m
tests/unit/test_adapter_unit.py::TestCreateMessageEndpoint::test_create_message_with_system_prompt [32mPASSED[0m[32m [ 35%][0m
tests/unit/test_adapter_unit.py::TestCreateMessageEndpoint::test_create_message_streaming_response [32mPASSED[0m[32m [ 35%][0m
tests/unit/test_adapter_unit.py::TestCreateMessageEndpoint::test_create_message_backend_error [32mPASSED[0m[32m [ 35%][0m
tests/unit/test_adapter_unit.py::TestCreateMessageEndpoint::test_create_message_with_all_parameters [32mPASSED[0m[32m [ 35%][0m
tests/unit/test_adapter_unit.py::TestGenerateResponse::test_generate_response_success [32mPASSED[0m[32m [ 35%][0m
tests/unit/test_adapter_unit.py::TestGenerateResponse::test_generate_response_backend_error [32mPASSED[0m[32m [ 36%][0m
tests/unit/test_adapter_unit.py::TestStreamResponse::test_stream_response_success [32mPASSED[0m[32m [ 36%][0m
tests/unit/test_adapter_unit.py::TestStreamResponse::test_stream_response_error_handling [32mPASSED[0m[32m [ 36%][0m
tests/unit/test_adapter_unit.py::TestStreamResponse::test_stream_response_event_formatting [32mPASSED[0m[32m [ 36%][0m
tests/unit/test_adapter_unit.py::TestEstimateTokens::test_estimate_tokens_string_content [32mPASSED[0m[32m [ 36%][0m
tests/unit/test_adapter_unit.py::TestEstimateTokens::test_estimate_tokens_list_content [32mPASSED[0m[32m [ 37%][0m
tests/unit/test_adapter_unit.py::TestEstimateTokens::test_estimate_tokens_mixed_content [32mPASSED[0m[32m [ 37%][0m
tests/unit/test_adapter_unit.py::TestEstimateTokens::test_estimate_tokens_empty_messages [32mPASSED[0m[32m [ 37%][0m
tests/unit/test_adapter_unit.py::TestEstimateTokens::test_estimate_tokens_long_content [32mPASSED[0m[32m [ 37%][0m
tests/unit/test_adapter_unit.py::TestEstimateTokens::test_estimate_tokens_content_blocks_without_text [32mPASSED[0m[32m [ 37%][0m
tests/unit/test_adapter_unit.py::TestRunServer::test_run_server_configuration [32mPASSED[0m[32m [ 37%][0m
tests/unit/test_adapter_unit.py::TestRunServer::test_run_server_default_parameters [32mPASSED[0m[32m [ 38%][0m
tests/unit/test_adapter_unit.py::TestRunServer::test_run_server_with_backend_router [32mPASSED[0m[32m [ 38%][0m
tests/unit/test_adapter_unit.py::TestRunServer::test_start_server_sync [32mPASSED[0m[32m [ 38%][0m
tests/unit/test_adapter_unit.py::TestEdgeCases::test_message_with_very_long_content [32mPASSED[0m[32m [ 38%][0m
tests/unit/test_adapter_unit.py::TestEdgeCases::test_message_with_unicode_content [32mPASSED[0m[32m [ 38%][0m
tests/unit/test_adapter_unit.py::TestEdgeCases::test_message_with_nested_content_blocks [32mPASSED[0m[32m [ 39%][0m
tests/unit/test_adapter_unit.py::TestEdgeCases::test_request_with_null_optional_fields [32mPASSED[0m[32m [ 39%][0m
tests/unit/test_adapter_unit.py::TestEdgeCases::test_multiple_messages_conversation [32mPASSED[0m[32m [ 39%][0m
tests/unit/test_adapter_unit.py::TestEdgeCases::test_app_creation_is_idempotent [32mPASSED[0m[32m [ 39%][0m
tests/unit/test_adapter_unit.py::TestEdgeCases::test_response_with_null_stop_sequence [32mPASSED[0m[32m [ 39%][0m
tests/unit/test_adapter_unit.py::TestEdgeCases::test_response_with_stop_sequence_string [32mPASSED[0m[32m [ 40%][0m
tests/unit/test_backend_abstraction.py::TestLlamaCppBackend::test_detect_available [32mPASSED[0m[32m [ 40%][0m
tests/unit/test_backend_abstraction.py::TestLlamaCppBackend::test_detect_missing [32mPASSED[0m[32m [ 40%][0m
tests/unit/test_backend_abstraction.py::TestLlamaCppBackend::test_install_success [32mPASSED[0m[32m [ 40%][0m
tests/unit/test_backend_abstraction.py::TestLlamaCppBackend::test_install_failure [32mPASSED[0m[32m [ 40%][0m
tests/unit/test_backend_abstraction.py::TestLlamaCppBackend::test_configure [32mPASSED[0m[32m [ 40%][0m
tests/unit/test_backend_abstraction.py::TestLlamaCppBackend::test_health_check_healthy [32mPASSED[0m[32m [ 41%][0m
tests/unit/test_backend_abstraction.py::TestLlamaCppBackend::test_health_check_unhealthy [32mPASSED[0m[32m [ 41%][0m
tests/unit/test_backend_abstraction.py::TestOllamaBackend::test_detect_available [32mPASSED[0m[32m [ 41%][0m
tests/unit/test_backend_abstraction.py::TestOllamaBackend::test_detect_missing [32mPASSED[0m[32m [ 41%][0m
tests/unit/test_backend_abstraction.py::TestOllamaBackend::test_install_success [32mPASSED[0m[32m [ 41%][0m
tests/unit/test_backend_abstraction.py::TestOllamaBackend::test_install_no_brew [32mPASSED[0m[32m [ 42%][0m
tests/unit/test_backend_abstraction.py::TestOllamaBackend::test_configure [32mPASSED[0m[32m [ 42%][0m
tests/unit/test_backend_abstraction.py::TestOllamaBackend::test_health_check [32mPASSED[0m[32m [ 42%][0m
tests/unit/test_backend_abstraction.py::TestBackendManager::test_get_backend_llamacpp [32mPASSED[0m[32m [ 42%][0m
tests/unit/test_backend_abstraction.py::TestBackendManager::test_get_backend_ollama [32mPASSED[0m[32m [ 42%][0m
tests/unit/test_backend_abstraction.py::TestBackendManager::test_get_backend_invalid [32mPASSED[0m[32m [ 42%][0m
tests/unit/test_backend_abstraction.py::TestBackendManager::test_detect_all [32mPASSED[0m[32m [ 43%][0m
tests/unit/test_backend_abstraction.py::TestBackendManager::test_recommend_backend_llamacpp_available [32mPASSED[0m[32m [ 43%][0m
tests/unit/test_backend_abstraction.py::TestBackendManager::test_recommend_backend_ollama_fallback [32mPASSED[0m[32m [ 43%][0m
tests/unit/test_backend_abstraction.py::TestBackendManager::test_recommend_backend_default [32mPASSED[0m[32m [ 43%][0m
tests/unit/test_binary_manager_enhanced.py::TestVersionCache::test_save_and_load_version_cache [32mPASSED[0m[32m [ 43%][0m
tests/unit/test_binary_manager_enhanced.py::TestVersionCache::test_cache_expiration [32mPASSED[0m[32m [ 44%][0m
tests/unit/test_binary_manager_enhanced.py::TestVersionCache::test_cache_architecture_mismatch [32mPASSED[0m[32m [ 44%][0m
tests/unit/test_binary_manager_enhanced.py::TestOfflineFallback::test_get_latest_release_with_cache_fallback [32mPASSED[0m[32m [ 44%][0m
tests/unit/test_binary_manager_enhanced.py::TestOfflineFallback::test_get_latest_release_without_cache [32mPASSED[0m[32m [ 44%][0m
tests/unit/test_binary_manager_enhanced.py::TestHomebrewInstallation::test_install_via_homebrew_success [32mPASSED[0m[32m [ 44%][0m
tests/unit/test_binary_manager_enhanced.py::TestHomebrewInstallation::test_install_via_homebrew_no_brew [32mPASSED[0m[32m [ 44%][0m
tests/unit/test_binary_manager_enhanced.py::TestHomebrewInstallation::test_install_via_homebrew_timeout [32mPASSED[0m[32m [ 45%][0m
tests/unit/test_binary_manager_enhanced.py::TestGetOrInstallBinary::test_get_or_install_existing_binary [32mPASSED[0m[32m [ 45%][0m
tests/unit/test_binary_manager_enhanced.py::TestGetOrInstallBinary::test_get_or_install_download_strategy [32mPASSED[0m[32m [ 45%][0m
tests/unit/test_binary_manager_enhanced.py::TestGetOrInstallBinary::test_get_or_install_no_auto_install [32mPASSED[0m[32m [ 45%][0m
tests/unit/test_binary_manager_enhanced.py::TestVersionManagement::test_list_available_versions [32mPASSED[0m[32m [ 45%][0m
tests/unit/test_binary_manager_enhanced.py::TestVersionManagement::test_get_installed_version [32mPASSED[0m[32m [ 46%][0m
tests/unit/test_binary_manager_enhanced.py::TestVersionManagement::test_get_installed_version_not_found [32mPASSED[0m[32m [ 46%][0m
tests/unit/test_binary_manager_enhanced.py::TestVersionManagement::test_backup_binary [32mPASSED[0m[32m [ 46%][0m
tests/unit/test_binary_manager_enhanced.py::TestVersionManagement::test_backup_binary_not_found [32mPASSED[0m[32m [ 46%][0m
tests/unit/test_binary_manager_enhanced.py::TestVersionManagement::test_rollback_binary [32mPASSED[0m[32m [ 46%][0m
tests/unit/test_binary_manager_enhanced.py::TestVersionManagement::test_rollback_binary_no_backup [32mPASSED[0m[32m [ 46%][0m
tests/unit/test_binary_manager_enhanced.py::TestSecurityValidation::test_security_check_exists_in_download_helper [32mPASSED[0m[32m [ 47%][0m
tests/unit/test_binary_manager_enhanced.py::TestSecurityValidation::test_security_check_before_extraction [32mPASSED[0m[32m [ 47%][0m
tests/unit/test_binary_manager_enhanced.py::TestSecurityValidation::test_download_methods_use_secure_helper [32mPASSED[0m[32m [ 47%][0m
tests/unit/test_binary_manager_enhanced.py::TestSecurityValidation::test_security_error_exception_exists [32mPASSED[0m[32m [ 47%][0m
tests/unit/test_binary_manager_enhanced.py::TestSecurityValidation::test_zip_safe_path_validation_logic [32mPASSED[0m[32m [ 47%][0m
tests/unit/test_binary_manager_enhanced.py::TestSecurityValidation::test_zip_slip_detection_logic [32mPASSED[0m[32m [ 48%][0m
tests/unit/test_binary_manager_enhanced.py::TestSecurityValidation::test_zip_slip_functional_malicious_archive [32mPASSED[0m[32m [ 48%][0m
tests/unit/test_binary_manager_enhanced.py::TestSecurityValidation::test_zip_slip_functional_safe_archive [32mPASSED[0m[32m [ 48%][0m
tests/unit/test_binary_manager_enhanced.py::TestSecurityValidation::test_zip_slip_functional_absolute_path [32mPASSED[0m[32m [ 48%][0m
tests/unit/test_binary_manager_enhanced.py::TestSecurityValidation::test_symlink_with_safe_relative_path [32mPASSED[0m[32m [ 48%][0m
tests/unit/test_binary_manager_enhanced.py::TestSecurityValidation::test_symlink_with_malicious_relative_path [32mPASSED[0m[33m [ 48%][0m
tests/unit/test_binary_manager_enhanced.py::TestArchitectureDetection::test_m1_chip_detects_arm64 [32mPASSED[0m[33m [ 49%][0m
tests/unit/test_binary_manager_enhanced.py::TestArchitectureDetection::test_m2_chip_detects_arm64 [32mPASSED[0m[33m [ 49%][0m
tests/unit/test_binary_manager_enhanced.py::TestArchitectureDetection::test_m3_chip_detects_arm64 [32mPASSED[0m[33m [ 49%][0m
tests/unit/test_binary_manager_enhanced.py::TestArchitectureDetection::test_m4_chip_detects_arm64 [32mPASSED[0m[33m [ 49%][0m
tests/unit/test_binary_manager_enhanced.py::TestArchitectureDetection::test_platform_machine_arm64_fallback [32mPASSED[0m[33m [ 49%][0m
tests/unit/test_binary_manager_enhanced.py::TestArchitectureDetection::test_intel_mac_detects_x86_64 [32mPASSED[0m[33m [ 50%][0m
tests/unit/test_binary_manager_enhanced.py::TestArchitectureDetection::test_future_m5_chip_detection [32mPASSED[0m[33m [ 50%][0m
tests/unit/test_bundled_checksums.py::TestBundledChecksums::test_bundled_checksum_file_exists [32mPASSED[0m[33m [ 50%][0m
tests/unit/test_bundled_checksums.py::TestBundledChecksums::test_get_bundled_checksum_arm64 [32mPASSED[0m[33m [ 50%][0m
tests/unit/test_bundled_checksums.py::TestBundledChecksums::test_get_bundled_checksum_x64 [32mPASSED[0m[33m [ 50%][0m
tests/unit/test_bundled_checksums.py::TestBundledChecksums::test_get_bundled_checksum_nonexistent_version [32mPASSED[0m[33m [ 51%][0m
tests/unit/test_bundled_checksums.py::TestBundledChecksums::test_get_bundled_checksum_nonexistent_file [32mPASSED[0m[33m [ 51%][0m
tests/unit/test_bundled_checksums.py::TestBundledChecksums::test_get_checksum_for_release_prioritizes_bundled [32mPASSED[0m[33m [ 51%][0m
tests/unit/test_bundled_checksums.py::TestBundledChecksums::test_verify_checksum_with_valid_file [32mPASSED[0m[33m [ 51%][0m
tests/unit/test_bundled_checksums.py::TestBundledChecksums::test_verify_checksum_with_invalid_file [32mPASSED[0m[33m [ 51%][0m
tests/unit/test_bundled_checksums.py::TestBundledChecksums::test_download_and_verify_with_bundled_checksum_mocked [32mPASSED[0m[33m [ 51%][0m
tests/unit/test_bundled_checksums.py::TestBundledChecksums::test_bundled_checksum_used_in_verification_step [32mPASSED[0m[33m [ 52%][0m
tests/unit/test_bundled_checksums.py::TestBundledChecksums::test_checksum_comments_ignored [32mPASSED[0m[33m [ 52%][0m
tests/unit/test_bundled_checksums.py::TestBundledChecksums::test_missing_checksum_logs_warning [32mPASSED[0m[33m [ 52%][0m
tests/unit/test_bundled_checksums.py::TestBundledChecksumEdgeCases::test_malformed_checksum_line_skipped [32mPASSED[0m[33m [ 52%][0m
tests/unit/test_bundled_checksums.py::TestBundledChecksumEdgeCases::test_empty_bundled_checksum_file [32mPASSED[0m[33m [ 52%][0m
tests/unit/test_bundled_checksums.py::TestBundledChecksumEdgeCases::test_checksum_case_sensitivity [32mPASSED[0m[33m [ 53%][0m
tests/unit/test_bundled_checksums.py::TestBundledChecksumEdgeCases::test_bundled_checksum_format_validation [32mPASSED[0m[33m [ 53%][0m
tests/unit/test_bundled_checksums.py::TestBundledChecksumIntegration::test_bundled_checksum_retrieval_chain [32mPASSED[0m[33m [ 53%][0m
tests/unit/test_bundled_checksums.py::TestBundledChecksumIntegration::test_both_bundled_checksums_available [32mPASSED[0m[33m [ 53%][0m
tests/unit/test_bundled_checksums.py::TestBundledChecksumIntegration::test_fallback_to_upstream_if_bundled_missing [32mPASSED[0m[33m [ 53%][0m
tests/unit/test_bundled_checksums.py::TestBundledChecksumIntegration::test_security_of_bundled_checksums [32mPASSED[0m[33m [ 53%][0m
tests/unit/test_cli_comprehensive.py::TestInitCommand::test_init_auto_select_model [32mPASSED[0m[33m [ 54%][0m
tests/unit/test_cli_comprehensive.py::TestInitCommand::test_init_with_specified_model [32mPASSED[0m[33m [ 54%][0m
tests/unit/test_cli_comprehensive.py::TestInitCommand::test_init_model_not_found [32mPASSED[0m[33m [ 54%][0m
tests/unit/test_cli_comprehensive.py::TestInitCommand::test_init_model_insufficient_ram_shows_warning [32mPASSED[0m[33m [ 54%][0m
tests/unit/test_cli_comprehensive.py::TestInitCommand::test_init_no_compatible_model [32mPASSED[0m[33m [ 54%][0m
tests/unit/test_cli_comprehensive.py::TestInitCommand::test_init_model_download_needed [32mPASSED[0m[33m [ 55%][0m
tests/unit/test_cli_comprehensive.py::TestInitCommand::test_init_model_no_huggingface_repo_user_continues [32mPASSED[0m[33m [ 55%][0m
tests/unit/test_cli_comprehensive.py::TestInitCommand::test_init_download_error_user_continues [32mPASSED[0m[33m [ 55%][0m
tests/unit/test_cli_comprehensive.py::TestInitCommand::test_init_with_context_length [32mPASSED[0m[33m [ 55%][0m
tests/unit/test_cli_comprehensive.py::TestInitCommand::test_init_ollama_backend_generates_modelfile [32mPASSED[0m[33m [ 55%][0m
tests/unit/test_cli_comprehensive.py::TestStartCommand::test_start_success [32mPASSED[0m[33m [ 55%][0m
tests/unit/test_cli_comprehensive.py::TestStartCommand::test_start_keyboard_interrupt [32mPASSED[0m[33m [ 56%][0m
tests/unit/test_cli_comprehensive.py::TestStartCommand::test_start_exception [32mPASSED[0m[33m [ 56%][0m
tests/unit/test_cli_comprehensive.py::TestStatusCommand::test_status_not_configured [32mPASSED[0m[33m [ 56%][0m
tests/unit/test_cli_comprehensive.py::TestStatusCommand::test_status_healthy_servers [32mPASSED[0m[33m [ 56%][0m
tests/unit/test_cli_comprehensive.py::TestStatusCommand::test_status_backend_unhealthy [32mPASSED[0m[33m [ 56%][0m
tests/unit/test_cli_comprehensive.py::TestStatusCommand::test_status_servers_not_running [32mPASSED[0m[33m [ 57%][0m
tests/unit/test_cli_comprehensive.py::TestStopCommand::test_stop_not_configured [32mPASSED[0m[33m [ 57%][0m
tests/unit/test_cli_comprehensive.py::TestStopCommand::test_stop_kills_processes [32mPASSED[0m[33m [ 57%][0m
tests/unit/test_cli_comprehensive.py::TestStopCommand::test_stop_no_processes_found [32mPASSED[0m[33m [ 57%][0m
tests/unit/test_cli_comprehensive.py::TestStopCommand::test_stop_subprocess_exception [32mPASSED[0m[33m [ 57%][0m
tests/unit/test_cli_comprehensive.py::TestModelsCommand::test_models_list_all [32mPASSED[0m[33m [ 57%][0m
tests/unit/test_cli_comprehensive.py::TestModelsCommand::test_models_list_filter_backend [32mPASSED[0m[33m [ 58%][0m
tests/unit/test_cli_comprehensive.py::TestModelsCommand::test_models_list_empty [32mPASSED[0m[33m [ 58%][0m
tests/unit/test_cli_comprehensive.py::TestHardwareCommand::test_hardware_display [32mPASSED[0m[33m [ 58%][0m
tests/unit/test_cli_comprehensive.py::TestHardwareCommand::test_hardware_memory_constrained [32mPASSED[0m[33m [ 58%][0m
tests/unit/test_cli_comprehensive.py::TestHardwareCommand::test_hardware_thermally_constrained [32mPASSED[0m[33m [ 58%][0m
tests/unit/test_cli_comprehensive.py::TestHardwareCommand::test_hardware_good_configuration [32mPASSED[0m[33m [ 59%][0m
tests/unit/test_cli_comprehensive.py::TestMonitorCommand::test_monitor_with_config [32mPASSED[0m[33m [ 59%][0m
tests/unit/test_cli_comprehensive.py::TestMonitorCommand::test_monitor_without_config [32mPASSED[0m[33m [ 59%][0m
tests/unit/test_cli_comprehensive.py::TestMonitorCommand::test_monitor_custom_url [32mPASSED[0m[33m [ 59%][0m
tests/unit/test_cli_comprehensive.py::TestMonitorCommand::test_monitor_custom_refresh_rate [32mPASSED[0m[33m [ 59%][0m
tests/unit/test_cli_comprehensive.py::TestMonitorCommand::test_monitor_exception [32mPASSED[0m[33m [ 60%][0m
tests/unit/test_cli_comprehensive.py::TestModelsCleanCommand::test_clean_help [32mPASSED[0m[33m [ 60%][0m
tests/unit/test_cli_comprehensive.py::TestModelsCleanCommand::test_clean_no_models [32mPASSED[0m[33m [ 60%][0m
tests/unit/test_cli_comprehensive.py::TestModelsCleanCommand::test_clean_dry_run [32mPASSED[0m[33m [ 60%][0m
tests/unit/test_cli_comprehensive.py::TestModelsCleanCommand::test_clean_specific_model [32mPASSED[0m[33m [ 60%][0m
tests/unit/test_cli_comprehensive.py::TestModelsCleanCommand::test_clean_model_not_found [32mPASSED[0m[33m [ 60%][0m
tests/unit/test_cli_comprehensive.py::TestModelsCleanCommand::test_clean_all_with_confirmation [32mPASSED[0m[33m [ 61%][0m
tests/unit/test_cli_comprehensive.py::TestModelsCleanCommand::test_clean_all_with_denial [32mPASSED[0m[33m [ 61%][0m
tests/unit/test_cli_comprehensive.py::TestModelsCleanCommand::test_clean_keyboard_interrupt [32mPASSED[0m[33m [ 61%][0m
tests/unit/test_cli_comprehensive.py::TestModelsCleanCommand::test_clean_deletion_error [32mPASSED[0m[33m [ 61%][0m
tests/unit/test_cli_simple.py::TestCLIHelp::test_main_help [32mPASSED[0m[33m        [ 61%][0m
tests/unit/test_cli_simple.py::TestCLIHelp::test_init_help [32mPASSED[0m[33m        [ 62%][0m
tests/unit/test_cli_simple.py::TestCLIHelp::test_start_help [32mPASSED[0m[33m       [ 62%][0m
tests/unit/test_cli_simple.py::TestCLIHelp::test_stop_help [32mPASSED[0m[33m        [ 62%][0m
tests/unit/test_cli_simple.py::TestCLIHelp::test_status_help [32mPASSED[0m[33m      [ 62%][0m
tests/unit/test_cli_simple.py::TestCLIHelp::test_models_help [32mPASSED[0m[33m      [ 62%][0m
tests/unit/test_cli_simple.py::TestCLIHelp::test_hardware_help [32mPASSED[0m[33m    [ 62%][0m
tests/unit/test_cli_simple.py::TestCLIHelp::test_monitor_help [32mPASSED[0m[33m     [ 63%][0m
tests/unit/test_cli_simple.py::TestCLIErrors::test_invalid_command [32mPASSED[0m[33m [ 63%][0m
tests/unit/test_cli_simple.py::TestCLIErrors::test_version [32mPASSED[0m[33m        [ 63%][0m
tests/unit/test_config.py::TestConfigGenerator::test_generate_qwenvert_config [32mPASSED[0m[33m [ 63%][0m
tests/unit/test_config.py::TestConfigGenerator::test_context_length_respects_hardware [32mPASSED[0m[33m [ 63%][0m
tests/unit/test_config.py::TestConfigGenerator::test_thermal_pacing_for_fanless [32mPASSED[0m[33m [ 64%][0m
tests/unit/test_config.py::TestConfigGenerator::test_no_thermal_pacing_with_fan [32mPASSED[0m[33m [ 64%][0m
tests/unit/test_config.py::TestConfigGenerator::test_generate_ollama_modelfile [32mPASSED[0m[33m [ 64%][0m
tests/unit/test_config.py::TestConfigGenerator::test_generate_llamacpp_flags [32mPASSED[0m[33m [ 64%][0m
tests/unit/test_config.py::TestConfigGenerator::test_environment_vars_generation [32mPASSED[0m[33m [ 64%][0m
tests/unit/test_config.py::TestQwenvertConfig::test_save_and_load_config [32mPASSED[0m[33m [ 64%][0m
tests/unit/test_config.py::TestConfigManager::test_save_and_load_through_manager [32mPASSED[0m[33m [ 65%][0m
tests/unit/test_config.py::TestModelPathValidation::test_valid_absolute_path [32mPASSED[0m[33m [ 65%][0m
tests/unit/test_config.py::TestModelPathValidation::test_valid_home_path [32mPASSED[0m[33m [ 65%][0m
tests/unit/test_config.py::TestModelPathValidation::test_none_model_path_is_valid [32mPASSED[0m[33m [ 65%][0m
tests/unit/test_config.py::TestModelPathValidation::test_newline_injection_rejected [32mPASSED[0m[33m [ 65%][0m
tests/unit/test_config.py::TestModelPathValidation::test_carriage_return_injection_rejected [32mPASSED[0m[33m [ 66%][0m
tests/unit/test_config.py::TestModelPathValidation::test_control_character_rejected [32mPASSED[0m[33m [ 66%][0m
tests/unit/test_config.py::TestModelPathValidation::test_modelfile_directive_injection_rejected [32mPASSED[0m[33m [ 66%][0m
tests/unit/test_config.py::TestModelPathValidation::test_parameter_directive_injection_rejected [32mPASSED[0m[33m [ 66%][0m
tests/unit/test_config.py::TestModelPathValidation::test_system_directive_injection_rejected [32mPASSED[0m[33m [ 66%][0m
tests/unit/test_config.py::TestModelPathValidation::test_empty_path_rejected [32mPASSED[0m[33m [ 66%][0m
tests/unit/test_config.py::TestModelPathValidation::test_whitespace_only_path_rejected [32mPASSED[0m[33m [ 67%][0m
tests/unit/test_config.py::TestModelPathValidation::test_validation_runs_on_load [32mPASSED[0m[33m [ 67%][0m
tests/unit/test_config.py::TestModelPathValidation::test_modelfile_generation_with_validated_path [32mPASSED[0m[33m [ 67%][0m
tests/unit/test_config.py::TestModelPathValidation::test_modelfile_prevents_directive_injection [32mPASSED[0m[33m [ 67%][0m
tests/unit/test_downloader.py::TestModelDownloaderInit::test_init_default_dir [32mPASSED[0m[33m [ 67%][0m
tests/unit/test_downloader.py::TestModelDownloaderInit::test_init_custom_dir [32mPASSED[0m[33m [ 68%][0m
tests/unit/test_downloader.py::TestModelDownloaderInit::test_init_creates_directory [32mPASSED[0m[33m [ 68%][0m
tests/unit/test_downloader.py::TestModelDownload::test_download_basic [32mPASSED[0m[33m [ 68%][0m
tests/unit/test_downloader.py::TestModelDownload::test_download_without_repo [32mPASSED[0m[33m [ 68%][0m
tests/unit/test_downloader.py::TestModelDownload::test_download_skip_if_exists [32mPASSED[0m[33m [ 68%][0m
tests/unit/test_downloader.py::TestModelDownload::test_download_force_redownload [32mPASSED[0m[33m [ 68%][0m
tests/unit/test_downloader.py::TestModelDownload::test_download_success [32mPASSED[0m[33m [ 69%][0m
tests/unit/test_downloader.py::TestModelDownload::test_download_with_sha256_verification [32mPASSED[0m[33m [ 69%][0m
tests/unit/test_downloader.py::TestModelDownload::test_download_failure_raises_runtime_error [32mPASSED[0m[33m [ 69%][0m
tests/unit/test_downloader.py::TestModelDownload::test_download_with_file_move [32mPASSED[0m[33m [ 69%][0m
tests/unit/test_downloader.py::TestGetModelPath::test_get_model_path_exists [32mPASSED[0m[33m [ 69%][0m
tests/unit/test_downloader.py::TestGetModelPath::test_get_model_path_not_exists [32mPASSED[0m[33m [ 70%][0m
tests/unit/test_downloader.py::TestGetModelFilename::test_get_model_filename_gguf [32mPASSED[0m[33m [ 70%][0m
tests/unit/test_downloader.py::TestGetModelFilename::test_get_model_filename_model_id [32mPASSED[0m[33m [ 70%][0m
tests/unit/test_downloader.py::TestGetModelFilename::test_get_model_filename_with_explicit_gguf_filename [32mPASSED[0m[33m [ 70%][0m
tests/unit/test_downloader.py::TestGetModelFilename::test_get_model_filename_decimal_size [32mPASSED[0m[33m [ 70%][0m
tests/unit/test_downloader.py::TestListDownloadedModels::test_list_downloaded_models_empty [32mPASSED[0m[33m [ 71%][0m
tests/unit/test_downloader.py::TestListDownloadedModels::test_list_downloaded_models [32mPASSED[0m[33m [ 71%][0m
tests/unit/test_downloader.py::TestListDownloadedModels::test_list_downloaded_models_nonexistent_dir [32mPASSED[0m[33m [ 71%][0m
tests/unit/test_downloader.py::TestDeleteModel::test_delete_model [32mPASSED[0m[33m [ 71%][0m
tests/unit/test_downloader.py::TestDeleteModel::test_delete_nonexistent_model [32mPASSED[0m[33m [ 71%][0m
tests/unit/test_downloader.py::TestGetDiskUsage::test_get_disk_usage_empty_dir [32mPASSED[0m[33m [ 71%][0m
tests/unit/test_downloader.py::TestGetDiskUsage::test_get_disk_usage_with_models [32mPASSED[0m[33m [ 72%][0m
tests/unit/test_downloader.py::TestGetDiskUsage::test_get_disk_usage_nonexistent_dir [32mPASSED[0m[33m [ 72%][0m
tests/unit/test_downloader.py::TestChecksumVerification::test_verify_checksum_valid [32mPASSED[0m[33m [ 72%][0m
tests/unit/test_downloader.py::TestChecksumVerification::test_verify_checksum_invalid [32mPASSED[0m[33m [ 72%][0m
tests/unit/test_downloader.py::TestChecksumVerification::test_verify_checksum_missing_file [32mPASSED[0m[33m [ 72%][0m
tests/unit/test_downloader.py::TestChecksumVerification::test_verify_checksum_no_checksum_provided [32mPASSED[0m[33m [ 73%][0m
tests/unit/test_hardware.py::TestHardwareProfile::test_is_memory_constrained [32mPASSED[0m[33m [ 73%][0m
tests/unit/test_hardware.py::TestHardwareProfile::test_is_thermally_constrained [32mPASSED[0m[33m [ 73%][0m
tests/unit/test_hardware.py::TestHardwareProfile::test_recommended_context_length [32mPASSED[0m[33m [ 73%][0m
tests/unit/test_hardware.py::TestHardwareDetector::test_detect_m1_chip [32mPASSED[0m[33m [ 73%][0m
tests/unit/test_hardware.py::TestHardwareDetector::test_detect_memory [32mPASSED[0m[33m [ 73%][0m
tests/unit/test_hardware.py::TestHardwareDetector::test_extract_chip_family [32mPASSED[0m[33m [ 74%][0m
tests/unit/test_launcher_unit.py::TestProcessHandle::test_init [32mPASSED[0m[33m    [ 74%][0m
tests/unit/test_launcher_unit.py::TestProcessHandle::test_is_running_true [32mPASSED[0m[33m [ 74%][0m
tests/unit/test_launcher_unit.py::TestProcessHandle::test_is_running_false [32mPASSED[0m[33m [ 74%][0m
tests/unit/test_launcher_unit.py::TestProcessHandle::test_terminate_already_stopped [32mPASSED[0m[33m [ 74%][0m
tests/unit/test_launcher_unit.py::TestProcessHandle::test_terminate_graceful [32mPASSED[0m[33m [ 75%][0m
tests/unit/test_launcher_unit.py::TestProcessHandle::test_terminate_force_kill [32mPASSED[0m[33m [ 75%][0m
tests/unit/test_launcher_unit.py::TestProcessHandle::test_terminate_custom_timeout [32mPASSED[0m[33m [ 75%][0m
tests/unit/test_launcher_unit.py::TestServerLauncherInit::test_init [32mPASSED[0m[33m [ 75%][0m
tests/unit/test_launcher_unit.py::TestServerLauncherInit::test_init_with_llamacpp [32mPASSED[0m[33m [ 75%][0m
tests/unit/test_launcher_unit.py::TestStartBackend::test_start_backend_ollama [32mPASSED[0m[33m [ 75%][0m
tests/unit/test_launcher_unit.py::TestStartBackend::test_start_backend_llamacpp [32mPASSED[0m[33m [ 76%][0m
tests/unit/test_launcher_unit.py::TestStartBackend::test_start_backend_unknown [32mPASSED[0m[33m [ 76%][0m
tests/unit/test_launcher_unit.py::TestStartOllama::test_start_ollama_not_installed [32mPASSED[0m[33m [ 76%][0m
tests/unit/test_launcher_unit.py::TestStartOllama::test_start_ollama_already_running [32mPASSED[0m[33m [ 76%][0m
tests/unit/test_launcher_unit.py::TestStartOllama::test_start_ollama_success [32mPASSED[0m[33m [ 76%][0m
tests/unit/test_launcher_unit.py::TestStartOllama::test_start_ollama_health_check_timeout [32mPASSED[0m[33m [ 77%][0m
tests/unit/test_launcher_unit.py::TestEnsureOllamaModel::test_ensure_model_already_exists [32mPASSED[0m[33m [ 77%][0m
tests/unit/test_launcher_unit.py::TestEnsureOllamaModel::test_ensure_model_needs_pull [32mPASSED[0m[33m [ 77%][0m
tests/unit/test_launcher_unit.py::TestStartLlamaCpp::test_start_llamacpp_not_found [32mPASSED[0m[33m [ 77%][0m
tests/unit/test_launcher_unit.py::TestStartLlamaCpp::test_start_llamacpp_success [32mPASSED[0m[33m [ 77%][0m
tests/unit/test_launcher_unit.py::TestStartLlamaCpp::test_start_llamacpp_alternative_path [32mPASSED[0m[33m [ 77%][0m
tests/unit/test_launcher_unit.py::TestStartLlamaCpp::test_start_llamacpp_model_not_found [32mPASSED[0m[33m [ 78%][0m
tests/unit/test_launcher_unit.py::TestStartLlamaCpp::test_start_llamacpp_health_check_timeout [32mPASSED[0m[33m [ 78%][0m
tests/unit/test_launcher_unit.py::TestHealthChecks::test_check_health_success [32mPASSED[0m[33m [ 78%][0m
tests/unit/test_launcher_unit.py::TestHealthChecks::test_check_health_non_200 [32mPASSED[0m[33m [ 78%][0m
tests/unit/test_launcher_unit.py::TestHealthChecks::test_check_health_connection_error [32mPASSED[0m[33m [ 78%][0m
tests/unit/test_launcher_unit.py::TestHealthChecks::test_check_health_timeout [32mPASSED[0m[33m [ 79%][0m
tests/unit/test_launcher_unit.py::TestHealthChecks::test_wait_for_health_immediate_success [32mPASSED[0m[33m [ 79%][0m
tests/unit/test_launcher_unit.py::TestHealthChecks::test_wait_for_health_retry [32mPASSED[0m[33m [ 79%][0m
tests/unit/test_launcher_unit.py::TestHealthChecks::test_wait_for_health_timeout [32mPASSED[0m[33m [ 79%][0m
tests/unit/test_launcher_unit.py::TestHealthChecks::test_wait_for_health_custom_timeout [32mPASSED[0m[33m [ 79%][0m
tests/unit/test_launcher_unit.py::TestStartAdapter::test_start_adapter_success [32mPASSED[0m[33m [ 80%][0m
tests/unit/test_launcher_unit.py::TestStartAdapter::test_start_adapter_model_not_found [32mPASSED[0m[33m [ 80%][0m
tests/unit/test_launcher_unit.py::TestStartAdapter::test_start_adapter_health_check_timeout [32mPASSED[0m[33m [ 80%][0m
tests/unit/test_launcher_unit.py::TestStartAll::test_start_all_success [32mPASSED[0m[33m [ 80%][0m
tests/unit/test_launcher_unit.py::TestStartAll::test_start_all_backend_failure [32mPASSED[0m[33m [ 80%][0m
tests/unit/test_launcher_unit.py::TestStartAll::test_start_all_adapter_failure [32mPASSED[0m[33m [ 80%][0m
tests/unit/test_launcher_unit.py::TestStopAll::test_stop_all_with_adapter [32mPASSED[0m[33m [ 81%][0m
tests/unit/test_launcher_unit.py::TestStopAll::test_stop_all_no_adapter [32mPASSED[0m[33m [ 81%][0m
tests/unit/test_launcher_unit.py::TestStopAll::test_stop_all_no_backend [32mPASSED[0m[33m [ 81%][0m
tests/unit/test_launcher_unit.py::TestStopAll::test_stop_all_adapter_cancellation_error [32mPASSED[0m[33m [ 81%][0m
tests/unit/test_launcher_unit.py::TestPrintStartupSuccess::test_print_startup_success [32mPASSED[0m[33m [ 81%][0m
tests/unit/test_launcher_unit.py::TestPrintStartupSuccess::test_print_startup_success_custom_port [32mPASSED[0m[33m [ 82%][0m
tests/unit/test_launcher_unit.py::TestStartQwenvert::test_start_qwenvert_no_config [32mPASSED[0m[33m [ 82%][0m
tests/unit/test_launcher_unit.py::TestStartQwenvert::test_start_qwenvert_success [32mPASSED[0m[33m [ 82%][0m
tests/unit/test_launcher_unit.py::TestStartQwenvert::test_start_qwenvert_with_exception [32mPASSED[0m[33m [ 82%][0m
tests/unit/test_launcher_unit.py::TestStartQwenvert::test_start_qwenvert_sync [32mPASSED[0m[33m [ 82%][0m
tests/unit/test_launcher_unit.py::TestSignalHandling::test_signal_handler_setup [32mPASSED[0m[33m [ 82%][0m
tests/unit/test_launcher_unit.py::TestEdgeCases::test_multiple_backends_in_sequence [32mPASSED[0m[33m [ 83%][0m
tests/unit/test_launcher_unit.py::TestEdgeCases::test_process_handle_with_different_pids [32mPASSED[0m[33m [ 83%][0m
tests/unit/test_launcher_unit.py::TestEdgeCases::test_health_check_with_various_status_codes [32mPASSED[0m[33m [ 83%][0m
tests/unit/test_launcher_unit.py::TestEdgeCases::test_concurrent_health_checks [32mPASSED[0m[33m [ 83%][0m
tests/unit/test_models.py::TestModelRegistry::test_registry_loads_default_models [32mPASSED[0m[33m [ 83%][0m
tests/unit/test_models.py::TestModelRegistry::test_get_model_by_id [32mPASSED[0m[33m [ 84%][0m
tests/unit/test_models.py::TestModelRegistry::test_list_models_filter_by_backend [32mPASSED[0m[33m [ 84%][0m
tests/unit/test_models.py::TestModelRegistry::test_find_compatible_models [32mPASSED[0m[33m [ 84%][0m
tests/unit/test_models.py::TestModelRegistry::test_find_optimal_models [32mPASSED[0m[33m [ 84%][0m
tests/unit/test_models.py::TestModelSelection::test_select_default_for_8gb_system [32mPASSED[0m[33m [ 84%][0m
tests/unit/test_models.py::TestModelSelection::test_select_default_for_16gb_system [32mPASSED[0m[33m [ 84%][0m
tests/unit/test_models.py::TestModelSelection::test_select_default_for_32gb_system [32mPASSED[0m[33m [ 85%][0m
tests/unit/test_models.py::TestModelSelection::test_thermal_constraint_selects_smaller_model [32mPASSED[0m[33m [ 85%][0m
tests/unit/test_models.py::TestModelSelection::test_select_by_preference_quality [32mPASSED[0m[33m [ 85%][0m
tests/unit/test_models.py::TestModelSelection::test_select_by_preference_speed [32mPASSED[0m[33m [ 85%][0m
tests/unit/test_models.py::TestModelSelection::test_select_default_prioritizes_downloaded_models [32mPASSED[0m[33m [ 85%][0m
tests/unit/test_models.py::TestModelSelection::test_select_default_skips_incompatible_downloaded_models [32mPASSED[0m[33m [ 86%][0m
tests/unit/test_models.py::TestModelSelection::test_select_default_works_without_downloaded_models [32mPASSED[0m[33m [ 86%][0m
tests/unit/test_models.py::TestModelSelection::test_select_default_respects_backend_filter [31mFAILED[0m[31m [ 86%][0m
tests/unit/test_models.py::TestModelSelection::test_select_default_backend_filter_8gb_system [32mPASSED[0m[31m [ 86%][0m
tests/unit/test_models.py::TestModelMetadata::test_model_fits_hardware [32mPASSED[0m[31m [ 86%][0m
tests/unit/test_models.py::TestModelMetadata::test_model_doesnt_fit_constrained_hardware [32mPASSED[0m[31m [ 86%][0m
tests/unit/test_models.py::TestModelMetadata::test_model_is_optimal [32mPASSED[0m[31m [ 87%][0m
tests/unit/test_monitoring_unit.py::TestDataClasses::test_request_metrics_creation [32mPASSED[0m[31m [ 87%][0m
tests/unit/test_monitoring_unit.py::TestDataClasses::test_system_metrics_creation [32mPASSED[0m[31m [ 87%][0m
tests/unit/test_monitoring_unit.py::TestDataClasses::test_performance_stats_defaults [32mPASSED[0m[31m [ 87%][0m
tests/unit/test_monitoring_unit.py::TestMetricsCollectorInit::test_init_defaults [32mPASSED[0m[31m [ 87%][0m
tests/unit/test_monitoring_unit.py::TestMetricsCollectorInit::test_init_custom_values [32mPASSED[0m[31m [ 88%][0m
tests/unit/test_monitoring_unit.py::TestMetricsCollectorInit::test_init_history_size [32mPASSED[0m[31m [ 88%][0m
tests/unit/test_monitoring_unit.py::TestSystemMetrics::test_collect_system_metrics_basic [32mPASSED[0m[31m [ 88%][0m
tests/unit/test_monitoring_unit.py::TestSystemMetrics::test_collect_system_metrics_with_processes [32mPASSED[0m[31m [ 88%][0m
tests/unit/test_monitoring_unit.py::TestSystemMetrics::test_collect_system_metrics_llama_backend [32mPASSED[0m[31m [ 88%][0m
tests/unit/test_monitoring_unit.py::TestSystemMetrics::test_collect_system_metrics_process_error [32mPASSED[0m[31m [ 88%][0m
tests/unit/test_monitoring_unit.py::TestCPUTemperature::test_get_cpu_temperature_non_darwin [32mPASSED[0m[31m [ 89%][0m
tests/unit/test_monitoring_unit.py::TestCPUTemperature::test_get_cpu_temperature_darwin_success [32mPASSED[0m[31m [ 89%][0m
tests/unit/test_monitoring_unit.py::TestCPUTemperature::test_get_cpu_temperature_darwin_no_permission [32mPASSED[0m[31m [ 89%][0m
tests/unit/test_monitoring_unit.py::TestCPUTemperature::test_get_cpu_temperature_darwin_timeout [32mPASSED[0m[31m [ 89%][0m
tests/unit/test_monitoring_unit.py::TestCPUTemperature::test_get_cpu_temperature_darwin_invalid_output [32mPASSED[0m[31m [ 89%][0m
tests/unit/test_monitoring_unit.py::TestAdapterHealth::test_check_adapter_health_success [32mPASSED[0m[31m [ 90%][0m
tests/unit/test_monitoring_unit.py::TestAdapterHealth::test_check_adapter_health_failure [32mPASSED[0m[31m [ 90%][0m
tests/unit/test_monitoring_unit.py::TestAdapterHealth::test_check_adapter_health_exception [32mPASSED[0m[31m [ 90%][0m
tests/unit/test_monitoring_unit.py::TestRequestMetrics::test_add_request_metric [32mPASSED[0m[31m [ 90%][0m
tests/unit/test_monitoring_unit.py::TestRequestMetrics::test_get_performance_stats_empty [32mPASSED[0m[31m [ 90%][0m
tests/unit/test_monitoring_unit.py::TestRequestMetrics::test_get_performance_stats_with_requests [32mPASSED[0m[31m [ 91%][0m
tests/unit/test_monitoring_unit.py::TestRequestMetrics::test_get_performance_stats_no_throughput [32mPASSED[0m[31m [ 91%][0m
tests/unit/test_monitoring_unit.py::TestRequestMetrics::test_get_recent_requests [32mPASSED[0m[31m [ 91%][0m
tests/unit/test_monitoring_unit.py::TestRequestMetrics::test_get_recent_requests_fewer_than_requested [32mPASSED[0m[31m [ 91%][0m
tests/unit/test_monitoring_unit.py::TestMonitorLoop::test_monitor_loop_single_iteration [32mPASSED[0m[31m [ 91%][0m
tests/unit/test_monitoring_unit.py::TestMonitorLoop::test_monitor_loop_handles_exception [32mPASSED[0m[31m [ 91%][0m
tests/unit/test_router_unit.py::TestBackendRouterInit::test_init_ollama [32mPASSED[0m[31m [ 92%][0m
tests/unit/test_router_unit.py::TestBackendRouterInit::test_init_strips_trailing_slash [32mPASSED[0m[31m [ 92%][0m
tests/unit/test_router_unit.py::TestBackendRouterInit::test_init_llamacpp [32mPASSED[0m[31m [ 92%][0m
tests/unit/test_router_unit.py::TestOllamaGeneration::test_generate_ollama_simple [32mPASSED[0m[31m [ 92%][0m
tests/unit/test_router_unit.py::TestOllamaGeneration::test_generate_ollama_with_system [32mPASSED[0m[31m [ 92%][0m
tests/unit/test_router_unit.py::TestLlamaCppGeneration::test_generate_llamacpp [32mPASSED[0m[31m [ 93%][0m
tests/unit/test_router_unit.py::TestStreamingGeneration::test_stream_ollama [32mPASSED[0m[31m [ 93%][0m
tests/unit/test_router_unit.py::TestStreamingGeneration::test_stream_ollama_complete_event_sequence [32mPASSED[0m[31m [ 93%][0m
tests/unit/test_router_unit.py::TestStreamingGeneration::test_stream_ollama_end_turn_without_stop_sequences [32mPASSED[0m[31m [ 93%][0m
tests/unit/test_router_unit.py::TestStreamingGeneration::test_stream_ollama_stop_sequence_detection [32mPASSED[0m[31m [ 93%][0m
tests/unit/test_router_unit.py::TestStreamingGeneration::test_stream_ollama_includes_usage_tokens [32mPASSED[0m[31m [ 93%][0m
tests/unit/test_router_unit.py::TestErrorHandling::test_unknown_backend [32mPASSED[0m[31m [ 94%][0m
tests/unit/test_router_unit.py::TestErrorHandling::test_backend_connection_error [32mPASSED[0m[31m [ 94%][0m
tests/unit/test_router_unit.py::TestErrorHandling::test_backend_http_error [32mPASSED[0m[31m [ 94%][0m
tests/unit/test_router_unit.py::TestRequestTransformation::test_max_tokens_parameter [32mPASSED[0m[31m [ 94%][0m
tests/unit/test_router_unit.py::TestRequestTransformation::test_multipart_message [32mPASSED[0m[31m [ 94%][0m
tests/unit/test_router_unit.py::TestRouterClose::test_close_client [32mPASSED[0m[31m [ 95%][0m
tests/unit/test_router_unit.py::TestOllamaParameterMapping::test_temperature_parameter [32mPASSED[0m[31m [ 95%][0m
tests/unit/test_router_unit.py::TestOllamaParameterMapping::test_top_p_parameter [32mPASSED[0m[31m [ 95%][0m
tests/unit/test_router_unit.py::TestOllamaParameterMapping::test_top_k_parameter [32mPASSED[0m[31m [ 95%][0m
tests/unit/test_router_unit.py::TestOllamaParameterMapping::test_stop_sequences_parameter [32mPASSED[0m[31m [ 95%][0m
tests/unit/test_router_unit.py::TestLlamaCppParameterMapping::test_temperature_parameter [32mPASSED[0m[31m [ 95%][0m
tests/unit/test_router_unit.py::TestLlamaCppParameterMapping::test_top_p_parameter [32mPASSED[0m[31m [ 96%][0m
tests/unit/test_router_unit.py::TestLlamaCppParameterMapping::test_top_k_parameter [32mPASSED[0m[31m [ 96%][0m
tests/unit/test_router_unit.py::TestLlamaCppParameterMapping::test_stop_sequences_parameter [32mPASSED[0m[31m [ 96%][0m
tests/unit/test_router_unit.py::TestOllamaStopReasons::test_stop_reason_end_turn [32mPASSED[0m[31m [ 96%][0m
tests/unit/test_router_unit.py::TestOllamaStopReasons::test_stop_reason_max_tokens [32mPASSED[0m[31m [ 96%][0m
tests/unit/test_router_unit.py::TestLlamaCppStopReasons::test_stop_reason_max_tokens [32mPASSED[0m[31m [ 97%][0m
tests/unit/test_router_unit.py::TestLlamaCppStopReasons::test_stop_reason_stop_sequence [32mPASSED[0m[31m [ 97%][0m
tests/unit/test_router_unit.py::TestLlamaCppStopReasons::test_stop_reason_end_turn [32mPASSED[0m[31m [ 97%][0m
tests/unit/test_router_unit.py::TestOllamaStreaming::test_stream_with_parameters [32mPASSED[0m[31m [ 97%][0m
tests/unit/test_router_unit.py::TestOllamaStreaming::test_stream_with_system_message [32mPASSED[0m[31m [ 97%][0m
tests/unit/test_router_unit.py::TestLlamaCppStreaming::test_stream_with_parameters [32mPASSED[0m[31m [ 97%][0m
tests/unit/test_router_unit.py::TestLlamaCppStreaming::test_stream_stop_reason_max_tokens [32mPASSED[0m[31m [ 98%][0m
tests/unit/test_router_unit.py::TestLlamaCppStreaming::test_stream_stop_reason_stop_sequence [32mPASSED[0m[31m [ 98%][0m
tests/unit/test_router_unit.py::TestLlamaCppStreaming::test_stream_stop_reason_end_turn [32mPASSED[0m[31m [ 98%][0m
tests/unit/test_router_unit.py::TestLlamaCppStreaming::test_stream_llamacpp_complete_event_sequence [32mPASSED[0m[31m [ 98%][0m
tests/unit/test_router_unit.py::TestLlamaCppStreaming::test_stream_llamacpp_includes_usage_tokens [32mPASSED[0m[31m [ 98%][0m
tests/unit/test_router_unit.py::TestLlamaCppStreaming::test_stream_unknown_backend [32mPASSED[0m[31m [ 99%][0m
tests/unit/test_router_unit.py::TestMessageTransformation::test_multi_turn_conversation_ollama [32mPASSED[0m[31m [ 99%][0m
tests/unit/test_router_unit.py::TestMessageTransformation::test_multi_turn_conversation_llamacpp [32mPASSED[0m[31m [ 99%][0m
tests/unit/test_router_unit.py::TestMessageTransformation::test_system_message_llamacpp [32mPASSED[0m[31m [ 99%][0m
tests/unit/test_router_unit.py::TestMessageTransformation::test_content_blocks_ollama [32mPASSED[0m[31m [ 99%][0m
tests/unit/test_router_unit.py::TestMessageTransformation::test_content_blocks_llamacpp [32mPASSED[0m[31m [100%][0m/opt/homebrew/lib/python3.14/site-packages/_pytest/unraisableexception.py:33: RuntimeWarning: coroutine 'AsyncMockMixin._execute_mock_call' was never awaited
  gc.collect()
RuntimeWarning: Enable tracemalloc to get the object allocation traceback
/opt/homebrew/lib/python3.14/site-packages/_pytest/unraisableexception.py:33: RuntimeWarning: coroutine 'run_dashboard' was never awaited
  gc.collect()
RuntimeWarning: Enable tracemalloc to get the object allocation traceback
/opt/homebrew/lib/python3.14/site-packages/_pytest/unraisableexception.py:33: RuntimeWarning: coroutine 'start_qwenvert' was never awaited
  gc.collect()
RuntimeWarning: Enable tracemalloc to get the object allocation traceback


=================================== FAILURES ===================================
[31m[1m________ TestModelSelection.test_select_default_respects_backend_filter ________[0m
[1m[31mtests/unit/test_models.py[0m:189: in test_select_default_respects_backend_filter
    [0m[94massert[39;49;00m model.backend == Backend.LLAMACPP[90m[39;49;00m
[1m[31mE   AssertionError: assert <Backend.OLLAMA: 'ollama'> == <Backend.LLAMACPP: 'llamacpp'>[0m
[1m[31mE     [0m
[1m[31mE     [0m[91m- llamacpp[39;49;00m[90m[39;49;00m[0m
[1m[31mE     [92m+ ollama[39;49;00m[90m[39;49;00m[0m
[33m=============================== warnings summary ===============================[0m
tests/unit/test_binary_manager_enhanced.py::TestSecurityValidation::test_symlink_with_safe_relative_path
  /opt/homebrew/Cellar/python@3.14/3.14.3_1/Frameworks/Python.framework/Versions/3.14/lib/python3.14/unittest/mock.py:503: RuntimeWarning: coroutine 'run_server' was never awaited
    _safe_super(NonCallableMock, self).__init__(
  Enable tracemalloc to get traceback where the object was allocated.
  See https://docs.pytest.org/en/stable/how-to/capture-warnings.html#resource-warnings for more info.

-- Docs: https://docs.pytest.org/en/stable/how-to/capture-warnings.html
[36m[1m=========================== short test summary info ============================[0m
[31mFAILED[0m tests/unit/test_models.py::[1mTestModelSelection::test_select_default_respects_backend_filter[0m - AssertionError: assert <Backend.OLLAMA: 'ollama'> == <Backend.LLAMACPP: 'llamacpp'>
  
  [0m[91m- llamacpp[39;49;00m[90m[39;49;00m
  [92m+ ollama[39;49;00m[90m[39;49;00m
[31m===== [31m[1m1 failed[0m, [32m540 passed[0m, [33m4 skipped[0m, [33m22 deselected[0m, [33m1 warning[0m[31m in 12.41s[0m[31m ======[0m
